
> kbeautychannel@0.0.0 build
> vite build

[36mvite v6.4.2 [32mbuilding for production...[36m[39m
transforming...
[32m??[39m 2104 modules transformed.
